INFO:     Will watch for changes in these directories: ['C:\\Users\\26332\\Desktop\\工单\\RAG工单\\RAG-Q&A system6']
INFO:     Uvicorn running on http://127.0.0.1:8012 (Press CTRL+C to quit)
INFO:     Started reloader process [7596] using WatchFiles
INFO:     Started server process [27600]
INFO:     Waiting for application startup.
INFO:     Application startup complete.
WARNING:  WatchFiles detected changes in 'app\services\document_ingestion.py'. Reloading...
INFO:     Shutting down
INFO:     Waiting for application shutdown.
INFO:     Application shutdown complete.
INFO:     Finished server process [27600]
WARNING:  WatchFiles detected changes in 'app\services\document_ingestion.py'. Reloading...
INFO:     Started server process [19836]
INFO:     Waiting for application startup.
INFO:     Application startup complete.
ERROR:    Traceback (most recent call last):
  File "D:\Anaconda\envs\python_3_10\lib\asyncio\runners.py", line 44, in run
    return loop.run_until_complete(main)
  File "D:\Anaconda\envs\python_3_10\lib\asyncio\base_events.py", line 636, in run_until_complete
    self.run_forever()
  File "D:\Anaconda\envs\python_3_10\lib\asyncio\base_events.py", line 603, in run_forever
    self._run_once()
  File "D:\Anaconda\envs\python_3_10\lib\asyncio\base_events.py", line 1909, in _run_once
    handle._run()
  File "D:\Anaconda\envs\python_3_10\lib\asyncio\events.py", line 80, in _run
    self._context.run(self._callback, *self._args)
  File "D:\Anaconda\envs\python_3_10\lib\site-packages\uvicorn\server.py", line 68, in serve
    with self.capture_signals():
  File "D:\Anaconda\envs\python_3_10\lib\contextlib.py", line 142, in __exit__
    next(self.gen)
  File "D:\Anaconda\envs\python_3_10\lib\site-packages\uvicorn\server.py", line 332, in capture_signals
    signal.raise_signal(captured_signal)
KeyboardInterrupt

During handling of the above exception, another exception occurred:

Traceback (most recent call last):
  File "D:\Anaconda\envs\python_3_10\lib\site-packages\starlette\routing.py", line 700, in lifespan
    await receive()
  File "D:\Anaconda\envs\python_3_10\lib\site-packages\uvicorn\lifespan\on.py", line 137, in receive
    return await self.receive_queue.get()
  File "D:\Anaconda\envs\python_3_10\lib\asyncio\queues.py", line 159, in get
    await getter
asyncio.exceptions.CancelledError

INFO:     Started server process [31660]
INFO:     Waiting for application startup.
INFO:     Application startup complete.
WARNING:  WatchFiles detected changes in 'app\services\retrieval_generation.py'. Reloading...
INFO:     Shutting down
INFO:     Waiting for application shutdown.
INFO:     Application shutdown complete.
INFO:     Finished server process [31660]
INFO:     Started server process [8100]
INFO:     Waiting for application startup.
INFO:     Application startup complete.
WARNING:  WatchFiles detected changes in 'app\services\retrieval_generation.py'. Reloading...
INFO:     Shutting down
INFO:     Waiting for connections to close. (CTRL+C to force quit)
INFO:     Waiting for application shutdown.
INFO:     Application shutdown complete.
INFO:     Finished server process [8100]
INFO:     Started server process [32336]
INFO:     Waiting for application startup.
INFO:     Application startup complete.
WARNING:  WatchFiles detected changes in 'app\api\routes.py'. Reloading...
INFO:     Shutting down
INFO:     Waiting for application shutdown.
INFO:     Application shutdown complete.
INFO:     Finished server process [32336]
WARNING:  WatchFiles detected changes in 'tests\test_api_routes.py', 'tests\test_upload_status.py'. Reloading...
INFO:     Started server process [3256]
INFO:     Waiting for application startup.
INFO:     Application startup complete.
ERROR:    Traceback (most recent call last):
  File "D:\Anaconda\envs\python_3_10\lib\asyncio\runners.py", line 44, in run
    return loop.run_until_complete(main)
  File "D:\Anaconda\envs\python_3_10\lib\asyncio\base_events.py", line 636, in run_until_complete
    self.run_forever()
  File "D:\Anaconda\envs\python_3_10\lib\asyncio\base_events.py", line 603, in run_forever
    self._run_once()
  File "D:\Anaconda\envs\python_3_10\lib\asyncio\base_events.py", line 1909, in _run_once
    handle._run()
  File "D:\Anaconda\envs\python_3_10\lib\asyncio\events.py", line 80, in _run
    self._context.run(self._callback, *self._args)
  File "D:\Anaconda\envs\python_3_10\lib\site-packages\uvicorn\server.py", line 68, in serve
    with self.capture_signals():
  File "D:\Anaconda\envs\python_3_10\lib\contextlib.py", line 142, in __exit__
    next(self.gen)
  File "D:\Anaconda\envs\python_3_10\lib\site-packages\uvicorn\server.py", line 332, in capture_signals
    signal.raise_signal(captured_signal)
KeyboardInterrupt

During handling of the above exception, another exception occurred:

Traceback (most recent call last):
  File "D:\Anaconda\envs\python_3_10\lib\site-packages\starlette\routing.py", line 700, in lifespan
    await receive()
  File "D:\Anaconda\envs\python_3_10\lib\site-packages\uvicorn\lifespan\on.py", line 137, in receive
    return await self.receive_queue.get()
  File "D:\Anaconda\envs\python_3_10\lib\asyncio\queues.py", line 159, in get
    await getter
asyncio.exceptions.CancelledError

INFO:     Started server process [15340]
INFO:     Waiting for application startup.
INFO:     Application startup complete.
WARNING:  WatchFiles detected changes in 'app\api\routes.py'. Reloading...
INFO:     Shutting down
INFO:     Waiting for application shutdown.
INFO:     Application shutdown complete.
INFO:     Finished server process [15340]
WARNING:  WatchFiles detected changes in 'tests\test_upload_status.py'. Reloading...
INFO:     Started server process [29828]
INFO:     Waiting for application startup.
INFO:     Application startup complete.
ERROR:    Traceback (most recent call last):
  File "D:\Anaconda\envs\python_3_10\lib\asyncio\runners.py", line 44, in run
    return loop.run_until_complete(main)
  File "D:\Anaconda\envs\python_3_10\lib\asyncio\base_events.py", line 636, in run_until_complete
    self.run_forever()
  File "D:\Anaconda\envs\python_3_10\lib\asyncio\base_events.py", line 603, in run_forever
    self._run_once()
  File "D:\Anaconda\envs\python_3_10\lib\asyncio\base_events.py", line 1909, in _run_once
    handle._run()
  File "D:\Anaconda\envs\python_3_10\lib\asyncio\events.py", line 80, in _run
    self._context.run(self._callback, *self._args)
  File "D:\Anaconda\envs\python_3_10\lib\site-packages\uvicorn\server.py", line 68, in serve
    with self.capture_signals():
  File "D:\Anaconda\envs\python_3_10\lib\contextlib.py", line 142, in __exit__
    next(self.gen)
  File "D:\Anaconda\envs\python_3_10\lib\site-packages\uvicorn\server.py", line 332, in capture_signals
    signal.raise_signal(captured_signal)
KeyboardInterrupt

During handling of the above exception, another exception occurred:

Traceback (most recent call last):
  File "D:\Anaconda\envs\python_3_10\lib\site-packages\starlette\routing.py", line 700, in lifespan
    await receive()
  File "D:\Anaconda\envs\python_3_10\lib\site-packages\uvicorn\lifespan\on.py", line 137, in receive
    return await self.receive_queue.get()
  File "D:\Anaconda\envs\python_3_10\lib\asyncio\queues.py", line 159, in get
    await getter
asyncio.exceptions.CancelledError

INFO:     Started server process [31176]
INFO:     Waiting for application startup.
INFO:     Application startup complete.
WARNING:  WatchFiles detected changes in 'app\core\config.py'. Reloading...
INFO:     Shutting down
INFO:     Waiting for application shutdown.
INFO:     Application shutdown complete.
INFO:     Finished server process [31176]
INFO:     Started server process [22244]
INFO:     Waiting for application startup.
INFO:     Application startup complete.
