INFO:     Started server process [31028]
INFO:     Waiting for application startup.
INFO:     Application startup complete.
INFO:     Uvicorn running on http://127.0.0.1:8010 (Press CTRL+C to quit)
Building prefix dict from the default dictionary ...
Loading model from cache C:\Users\26332\AppData\Local\Temp\jieba.cache
Loading model cost 0.419 seconds.
Prefix dict has been built successfully.
Exception in thread Thread-7 (_readerthread):
Traceback (most recent call last):
  File "D:\Anaconda\envs\python_3_10\lib\threading.py", line 1016, in _bootstrap_inner
    self.run()
  File "D:\Anaconda\envs\python_3_10\lib\threading.py", line 953, in run
    self._target(*self._args, **self._kwargs)
  File "D:\Anaconda\envs\python_3_10\lib\subprocess.py", line 1515, in _readerthread
    buffer.append(fh.read())
UnicodeDecodeError: 'gbk' codec can't decode byte 0xae in position 55: illegal multibyte sequence
Exception in thread Thread-13 (_readerthread):
Traceback (most recent call last):
  File "D:\Anaconda\envs\python_3_10\lib\threading.py", line 1016, in _bootstrap_inner
    self.run()
  File "D:\Anaconda\envs\python_3_10\lib\threading.py", line 953, in run
    self._target(*self._args, **self._kwargs)
  File "D:\Anaconda\envs\python_3_10\lib\subprocess.py", line 1515, in _readerthread
    buffer.append(fh.read())
UnicodeDecodeError: 'gbk' codec can't decode byte 0xae in position 55: illegal multibyte sequence
Exception in thread Thread-19 (_readerthread):
Traceback (most recent call last):
  File "D:\Anaconda\envs\python_3_10\lib\threading.py", line 1016, in _bootstrap_inner
    self.run()
  File "D:\Anaconda\envs\python_3_10\lib\threading.py", line 953, in run
    self._target(*self._args, **self._kwargs)
  File "D:\Anaconda\envs\python_3_10\lib\subprocess.py", line 1515, in _readerthread
    buffer.append(fh.read())
UnicodeDecodeError: 'gbk' codec can't decode byte 0xae in position 55: illegal multibyte sequence
Exception in thread Thread-25 (_readerthread):
Traceback (most recent call last):
  File "D:\Anaconda\envs\python_3_10\lib\threading.py", line 1016, in _bootstrap_inner
    self.run()
  File "D:\Anaconda\envs\python_3_10\lib\threading.py", line 953, in run
    self._target(*self._args, **self._kwargs)
  File "D:\Anaconda\envs\python_3_10\lib\subprocess.py", line 1515, in _readerthread
    buffer.append(fh.read())
UnicodeDecodeError: 'gbk' codec can't decode byte 0xae in position 55: illegal multibyte sequence
